// Jest Snapshot v1, https://goo.gl/fbAQLP

exports[`<withErrorBoundary /> should render custom fallback component on error 1`] = `
<DocumentFragment>
  <div>
    <h3>
      error
    </h3>
    <span>
      
    in BuggyComponent (created by WithErrorBoundary(BuggyComponent))
    in ErrorBoundary (created by WithErrorBoundary(BuggyComponent))
    in WithErrorBoundary(BuggyComponent)
    </span>
  </div>
</DocumentFragment>
`;

exports[`<withErrorBoundary /> should render default fallback component on error 1`] = `
<DocumentFragment>
  <h2>
    Something went wrong.
  </h2>
</DocumentFragment>
`;
